Microchip MPLAB XC8 Compiler V2.32

Linker command line:

-W-3 --edf=C:\Program Files\Microchip\xc8\v2.32\pic\dat\en_msgs.txt -cn \
  -h+dist/default/production\lab-5-new.X.production.sym \
  --cmf=dist/default/production\lab-5-new.X.production.cmf -z -Q18F67K40 \
  -oC:\Users\cdcch\AppData\Local\Temp\xcAsi2g.4 --defsym=__MPLAB_BUILD=1 \
  -Mdist/default/production/lab-5-new.X.production.map -E1 \
  -ver=XC8 Compiler --acfsm=1493 -ASTACK=09Ch-0DE9h -pstack=STACK \
  -ACODE=00h-01FFFFh -ACONST=00h-01FFFFh -ASMALLCONST=0E00h-0EFFhx498 \
  -AMEDIUMCONST=0E00h-0FFFFh,010E00h-01FFFFh -ACOMRAM=01h-05Fh \
  -AABS1=00h-0DE9h -ABIGRAM=01h-0DE9h \
  -ARAM=060h-0FFh,0100h-01FFhx12,0D00h-0DE9h -ABANK0=060h-0FFh \
  -ABANK1=0100h-01FFh -ABANK2=0200h-02FFh -ABANK3=0300h-03FFh \
  -ABANK4=0400h-04FFh -ABANK5=0500h-05FFh -ABANK6=0600h-06FFh \
  -ABANK7=0700h-07FFh -ABANK8=0800h-08FFh -ABANK9=0900h-09FFh \
  -ABANK10=0A00h-0AFFh -ABANK11=0B00h-0BFFh -ABANK12=0C00h-0CFFh \
  -ABANK13=0D00h-0DE9h \
  -ASFR=0DEFh-0DFFh,0E00h-0EFFh,0F00h-0F5Fh,0F60h-0FFFh \
  -ACONFIG=0300000h-030000Bh -AIDLOC=0200000h-020000Fh \
  -AEEDATA=0310000h-03103FFh -peeprom_data=EEDATA \
  -preset_vec=00h,intcode,intcodelo,powerup,init -pramtop=0E00h \
  -psmallconst=SMALLCONST -pmediumconst=MEDIUMCONST -pconst=CONST \
  -AFARRAM=00h-00h \
  -prdata=COMRAM,nvrram=COMRAM,nvbit=COMRAM,rbss=COMRAM,rbit=COMRAM \
  -pfarbss=FARRAM,fardata=FARRAM,nvFARRAM=FARRAM \
  -pintsave_regs=BIGRAM,bigbss=BIGRAM,bigdata=BIGRAM -pbss=RAM \
  -pidata=CODE,irdata=CODE,ibigdata=CODE,ifardata=CODE -prparam=COMRAM \
  C:\Users\cdcch\AppData\Local\Temp\xcAsi2g.o \
  dist/default/production\lab-5-new.X.production.o 

Object code version is 3.11

Machine type is 18F67K40



                Name                               Link     Load   Length Selector   Space Scale
C:\Users\cdcch\AppData\Local\Temp\xcAsi2g.o
                idloc                            200000   200000       10        0       5
                config                           300000   300000        C        0       4
                init                                  0        0        4        0       0
dist/default/production\lab-5-new.X.production.o
                idloc                            200000   200000       10        0       5
                config                           300000   300000        C        0       4
                text7                             1FE28    1FE28        E     FF14       0
                text6                             1FF00    1FF00       68     FF80       0
                text5                             1FECA    1FECA       36     FF65       0
                text4                             1FF68    1FF68       98     FFB4       0
                text3                             1FE36    1FE36       14     FF1B       0
                text2                             1FE62    1FE62       1E     FF31       0
                text1                             1FE4A    1FE4A       18     FF25       0
                text0                             1FE9E    1FE9E       2C     FF4F       0
                cstackCOMRAM                         23       23        7        1       1
                bssBANK0                             60       60       3C       60       1
                bssCOMRAM                             1        1       22        1       1
                cinit                             1FE80    1FE80       1E     FF40       0

TOTAL           Name                               Link     Load   Length     Space
        CLASS   STACK          

        CLASS   CODE           
                init                                  0        0        4         0
                text7                             1FE28    1FE28        E         0
                text6                             1FF00    1FF00       68         0
                text5                             1FECA    1FECA       36         0
                text4                             1FF68    1FF68       98         0
                text3                             1FE36    1FE36       14         0
                text2                             1FE62    1FE62       1E         0
                text1                             1FE4A    1FE4A       18         0
                text0                             1FE9E    1FE9E       2C         0
                cinit                             1FE80    1FE80       1E         0

        CLASS   CONST          

        CLASS   SMALLCONST     

        CLASS   MEDIUMCONST    

        CLASS   COMRAM         
                cstackCOMRAM                         23       23        7         1
                bssCOMRAM                             1        1       22         1

        CLASS   ABS1           

        CLASS   BIGRAM         

        CLASS   RAM            

        CLASS   BANK0          
                bssBANK0                             60       60       3C         1

        CLASS   BANK1          

        CLASS   BANK2          

        CLASS   BANK3          

        CLASS   BANK4          

        CLASS   BANK5          

        CLASS   BANK6          

        CLASS   BANK7          

        CLASS   BANK8          

        CLASS   BANK9          

        CLASS   BANK10         

        CLASS   BANK11         

        CLASS   BANK12         

        CLASS   BANK13         

        CLASS   SFR            

        CLASS   CONFIG         
                config                           300000   300000        C         4

        CLASS   IDLOC          
                idloc                            200000   200000       10         5

        CLASS   EEDATA         

        CLASS   FARRAM         



SEGMENTS        Name                           Load    Length   Top    Selector   Space  Class

                reset_vec                      000000  000004  000004         0       0  CODE    
                bssCOMRAM                      000001  000029  00002A         1       1  COMRAM  
                bssBANK0                       000060  00003C  00009C        60       1  BANK0   
                text7                          01FE28  00000E  01FE36      FF14       0  CODE    
                text3                          01FE36  000014  01FE4A      FF1B       0  CODE    
                text1                          01FE4A  000018  01FE62      FF25       0  CODE    
                text2                          01FE62  00001E  01FE80      FF31       0  CODE    
                cinit                          01FE80  00001E  01FE9E      FF40       0  CODE    
                text0                          01FE9E  00002C  01FECA      FF4F       0  CODE    
                text5                          01FECA  000036  01FF00      FF65       0  CODE    
                text6                          01FF00  000068  01FF68      FF80       0  CODE    
                text4                          01FF68  000098  020000      FFB4       0  CODE    


UNUSED ADDRESS RANGES

        Name                Unused          Largest block    Delta
        BANK0            00009C-0000FF               64
        BANK1            000100-0001FF              100
        BANK10           000A00-000AFF              100
        BANK11           000B00-000BFF              100
        BANK12           000C00-000CFF              100
        BANK13           000D00-000DE9               EA
        BANK2            000200-0002FF              100
        BANK3            000300-0003FF              100
        BANK4            000400-0004FF              100
        BANK5            000500-0005FF              100
        BANK6            000600-0006FF              100
        BANK7            000700-0007FF              100
        BANK8            000800-0008FF              100
        BANK9            000900-0009FF              100
        BIGRAM           00002A-00005F               36
                         00009C-000DE9              D4E
        CODE             000004-01FE27            1FE24
        COMRAM           00002A-00005F               36
        CONST            000004-01FE27            1FE24
        EEDATA           310000-3103FF              400
        MEDIUMCONST      000E00-00FFFF             F200
                         010E00-01FE27             F028
        RAM              00009C-000DE9              100
        SFR              000DEF-000FFF              100
        SMALLCONST       000E00-01FE27              100
        STACK            00009C-000DE9              D4E

                                  Symbol Table

LCD_sendbyte@Byte          cstackCOMRAM 000026
LCD_sendbyte@highbits      cstackCOMRAM 000025
LCD_sendbyte@type          cstackCOMRAM 000024
LCD_sendnibble@number      cstackCOMRAM 000023
_BAUD4CONbits              (abs)        000EE9
_EUSART4RXbuf              bssCOMRAM    000001
_EUSART4TXbuf              bssBANK0     000060
_LATBbits                  (abs)        000F7A
_LATCbits                  (abs)        000F7B
_LATEbits                  (abs)        000F7D
_LCD_E_TOG                 text7        01FE28
_LCD_Init                  text4        01FF68
_LCD_sendbyte              text5        01FECA
_LCD_sendnibble            text6        01FF00
_PIE4bits                  (abs)        000E2D
_PIR4bits                  (abs)        000E37
_RC0PPS                    (abs)        000E62
_RC4REG                    (abs)        000EE3
_RC4STAbits                (abs)        000EE7
_RX4PPS                    (abs)        000E15
_RxBufReadCnt              bssCOMRAM    000021
_RxBufWriteCnt             bssCOMRAM    000022
_SP4BRGH                   (abs)        000EE6
_SP4BRGL                   (abs)        000EE5
_TRISBbits                 (abs)        000F82
_TRISCbits                 (abs)        000F83
_TRISEbits                 (abs)        000F85
_TX4REG                    (abs)        000EE4
_TX4STAbits                (abs)        000EE8
_TxBufReadCnt              bssCOMRAM    00001F
_TxBufWriteCnt             bssCOMRAM    000020
__HRAM                     (abs)        000000
__Habs1                    abs1         000000
__Hbank0                   bank0        000000
__Hbank1                   bank1        000000
__Hbank10                  bank10       000000
__Hbank11                  bank11       000000
__Hbank12                  bank12       000000
__Hbank13                  bank13       000000
__Hbank2                   bank2        000000
__Hbank3                   bank3        000000
__Hbank4                   bank4        000000
__Hbank5                   bank5        000000
__Hbank6                   bank6        000000
__Hbank7                   bank7        000000
__Hbank8                   bank8        000000
__Hbank9                   bank9        000000
__Hbigbss                  bigbss       000000
__Hbigdata                 bigdata      000000
__Hbigram                  bigram       000000
__Hbss                     bss          000000
__HbssBANK0                bssBANK0     000000
__HbssCOMRAM               bssCOMRAM    000000
__Hcinit                   cinit        000000
__Hclrtext                 clrtext      000000
__Hcomram                  comram       000000
__Hconfig                  config       30000C
__Hconst                   const        000000
__HcstackCOMRAM            cstackCOMRAM 000000
__Hdata                    data         000000
__Heeprom_data             eeprom_data  000000
__Hfarbss                  farbss       000000
__Hfardata                 fardata      000000
__Hibigdata                ibigdata     000000
__Hidata                   idata        000000
__Hidloc                   idloc        200010
__Hifardata                ifardata     000000
__Hinit                    init         000004
__Hintcode                 intcode      000000
__Hintcode_body            intcode_body 000000
__Hintcodelo               intcodelo    000000
__Hintentry                intentry     000000
__Hintret                  intret       000000
__Hintsave_regs            intsave_regs 000000
__Hirdata                  irdata       000000
__Hmediumconst             mediumconst  000000
__HnvFARRAM                nvFARRAM     000000
__Hnvbit                   nvbit        000000
__Hnvrram                  nvrram       000000
__Hparam                   rparam       000000
__Hpowerup                 powerup      000000
__Hram                     ram          000000
__Hramtop                  ramtop       000E00
__Hrbit                    rbit         000000
__Hrbss                    rbss         000000
__Hrdata                   rdata        000000
__Hreset_vec               reset_vec    000000
__Hrparam                  rparam       000000
__Hsfr                     sfr          000000
__Hsmallconst              smallconst   000000
__Hspace_0                 (abs)        020000
__Hspace_1                 (abs)        00009C
__Hspace_2                 (abs)        000000
__Hspace_4                 (abs)        60000C
__Hstack                   stack        000000
__Hstruct                  struct       000000
__Htemp                    temp         000000
__Htext                    text         000000
__Htext0                   text0        000000
__Htext1                   text1        000000
__Htext2                   text2        000000
__Htext3                   text3        000000
__Htext4                   text4        000000
__Htext5                   text5        000000
__Htext6                   text6        000000
__Htext7                   text7        000000
__LRAM                     (abs)        000001
__Labs1                    abs1         000000
__Lbank0                   bank0        000000
__Lbank1                   bank1        000000
__Lbank10                  bank10       000000
__Lbank11                  bank11       000000
__Lbank12                  bank12       000000
__Lbank13                  bank13       000000
__Lbank2                   bank2        000000
__Lbank3                   bank3        000000
__Lbank4                   bank4        000000
__Lbank5                   bank5        000000
__Lbank6                   bank6        000000
__Lbank7                   bank7        000000
__Lbank8                   bank8        000000
__Lbank9                   bank9        000000
__Lbigbss                  bigbss       000000
__Lbigdata                 bigdata      000000
__Lbigram                  bigram       000000
__Lbss                     bss          000000
__LbssBANK0                bssBANK0     000000
__LbssCOMRAM               bssCOMRAM    000000
__Lcinit                   cinit        000000
__Lclrtext                 clrtext      000000
__Lcomram                  comram       000000
__Lconfig                  config       000000
__Lconst                   const        000000
__LcstackCOMRAM            cstackCOMRAM 000000
__Ldata                    data         000000
__Leeprom_data             eeprom_data  000000
__Lfarbss                  farbss       000000
__Lfardata                 fardata      000000
__Libigdata                ibigdata     000000
__Lidata                   idata        000000
__Lidloc                   idloc        000000
__Lifardata                ifardata     000000
__Linit                    init         000000
__Lintcode                 intcode      000000
__Lintcode_body            intcode_body 000000
__Lintcodelo               intcodelo    000000
__Lintentry                intentry     000000
__Lintret                  intret       000000
__Lintsave_regs            intsave_regs 000000
__Lirdata                  irdata       000000
__Lmediumconst             mediumconst  000000
__LnvFARRAM                nvFARRAM     000000
__Lnvbit                   nvbit        000000
__Lnvrram                  nvrram       000000
__Lparam                   rparam       000000
__Lpowerup                 powerup      000000
__Lram                     ram          000000
__Lramtop                  ramtop       000E00
__Lrbit                    rbit         000000
__Lrbss                    rbss         000000
__Lrdata                   rdata        000000
__Lreset_vec               reset_vec    000000
__Lrparam                  rparam       000000
__Lsfr                     sfr          000000
__Lsmallconst              smallconst   000000
__Lspace_0                 (abs)        000000
__Lspace_1                 (abs)        000000
__Lspace_2                 (abs)        000000
__Lspace_4                 (abs)        000000
__Lstack                   stack        000000
__Lstruct                  struct       000000
__Ltemp                    temp         000000
__Ltext                    text         000000
__Ltext0                   text0        000000
__Ltext1                   text1        000000
__Ltext2                   text2        000000
__Ltext3                   text3        000000
__Ltext4                   text4        000000
__Ltext5                   text5        000000
__Ltext6                   text6        000000
__Ltext7                   text7        000000
__S0                       (abs)        020000
__S1                       (abs)        00009C
__S2                       (abs)        000000
__S4                       (abs)        000000
__S5                       (abs)        000000
___inthi_sp                stack        000000
___intlo_sp                stack        000000
___param_bank              (abs)        000000
___rparam_used             (abs)        000001
___sp                      stack        000000
__accesstop                (abs)        000060
__activetblptr             (abs)        000000
__end_of_LCD_E_TOG         text7        01FE36
__end_of_LCD_Init          text4        020000
__end_of_LCD_sendbyte      text5        01FF00
__end_of_LCD_sendnibble    text6        01FF68
__end_of__initialization   cinit        01FE98
__end_of_getCharSerial4    text3        01FE4A
__end_of_initUSART4        text2        01FE80
__end_of_main              text0        01FECA
__end_of_sendCharSerial4   text1        01FE62
__initialization           cinit        01FE80
__mediumconst              mediumconst  000000
__pbssBANK0                bssBANK0     000060
__pbssCOMRAM               bssCOMRAM    000001
__pcinit                   cinit        01FE80
__pcstackCOMRAM            cstackCOMRAM 000023
__ptext0                   text0        01FE9E
__ptext1                   text1        01FE4A
__ptext2                   text2        01FE62
__ptext3                   text3        01FE36
__ptext4                   text4        01FF68
__ptext5                   text5        01FECA
__ptext6                   text6        01FF00
__ptext7                   text7        01FE28
__ramtop                   ramtop       000E00
__size_of_LCD_E_TOG        (abs)        000000
__size_of_LCD_Init         (abs)        000000
__size_of_LCD_sendbyte     (abs)        000000
__size_of_LCD_sendnibble   (abs)        000000
__size_of_getCharSerial4   (abs)        000000
__size_of_initUSART4       (abs)        000000
__size_of_main             (abs)        000000
__size_of_sendCharSerial4  (abs)        000000
__smallconst               smallconst   000000
_data                      bssCOMRAM    000015
_frac_part                 bssCOMRAM    000017
_getCharSerial4            text3        01FE36
_highbits                  bssCOMRAM    00001D
_initUSART4                text2        01FE62
_int_part                  bssCOMRAM    000019
_lowbits                   bssCOMRAM    00001B
_main                      text0        01FE9E
_sendCharSerial4           text1        01FE4A
end_of_initialization      cinit        01FE98
intlevel0                  text         000000
intlevel1                  text         000000
intlevel2                  text         000000
intlevel3                  text         000000
isa$std                    (abs)        000001
isa$xinst                  (abs)        000000
sendCharSerial4@charToSend cstackCOMRAM 000023
stackhi                    (abs)        000DE9
stacklo                    (abs)        00009C
start                      init         000000
start_initialization       cinit        01FE80


MODULE INFORMATION

Module		Function		Class		Link	Load	Size
serial.c
		_sendCharSerial4		CODE           	1FE4A	0000	24
		_initUSART4    		CODE           	1FE62	0000	30
		_getCharSerial4		CODE           	1FE36	0000	20

serial.c estimated size: 74

shared
		__initialization		CODE           	1FE80	0000	24

shared estimated size: 24

main.c
		_main          		CODE           	1FE9E	0000	44

main.c estimated size: 44

LCD.c
		_LCD_Init      		CODE           	1FF68	0000	152
		_LCD_sendbyte  		CODE           	1FECA	0000	54
		_LCD_E_TOG     		CODE           	1FE28	0000	14
		_LCD_sendnibble		CODE           	1FF00	0000	104

LCD.c estimated size: 324

