Microchip MPLAB XC8 Compiler V2.32

Linker command line:

-W-3 --edf=C:\Program Files\Microchip\xc8\v2.32\pic\dat\en_msgs.txt -cn \
  -h+dist/default/production\lab-5-new.X.production.sym \
  --cmf=dist/default/production\lab-5-new.X.production.cmf -z -Q18F67K40 \
  -oC:\Users\cdcch\AppData\Local\Temp\xcAs1hc.4 --defsym=__MPLAB_BUILD=1 \
  -Mdist/default/production/lab-5-new.X.production.map -E1 \
  -ver=XC8 Compiler --acfsm=1493 -ASTACK=0100h-0DE9h -pstack=STACK \
  -ACODE=00h-01FFFFh -ACONST=00h-01FFFFh -ASMALLCONST=0E00h-0EFFhx498 \
  -AMEDIUMCONST=0E00h-0FFFFh,010E00h-01FFFFh -ACOMRAM=01h-05Fh \
  -AABS1=00h-0DE9h -ABIGRAM=01h-0DE9h \
  -ARAM=060h-0FFh,0100h-01FFhx12,0D00h-0DE9h -ABANK0=060h-0FFh \
  -ABANK1=0100h-01FFh -ABANK2=0200h-02FFh -ABANK3=0300h-03FFh \
  -ABANK4=0400h-04FFh -ABANK5=0500h-05FFh -ABANK6=0600h-06FFh \
  -ABANK7=0700h-07FFh -ABANK8=0800h-08FFh -ABANK9=0900h-09FFh \
  -ABANK10=0A00h-0AFFh -ABANK11=0B00h-0BFFh -ABANK12=0C00h-0CFFh \
  -ABANK13=0D00h-0DE9h \
  -ASFR=0DEFh-0DFFh,0E00h-0EFFh,0F00h-0F5Fh,0F60h-0FFFh \
  -ACONFIG=0300000h-030000Bh -AIDLOC=0200000h-020000Fh \
  -AEEDATA=0310000h-03103FFh -peeprom_data=EEDATA \
  -preset_vec=00h,intcode,intcodelo,powerup,init -pramtop=0E00h \
  -psmallconst=SMALLCONST -pmediumconst=MEDIUMCONST -pconst=CONST \
  -AFARRAM=00h-00h \
  -prdata=COMRAM,nvrram=COMRAM,nvbit=COMRAM,rbss=COMRAM,rbit=COMRAM \
  -pfarbss=FARRAM,fardata=FARRAM,nvFARRAM=FARRAM \
  -pintsave_regs=BIGRAM,bigbss=BIGRAM,bigdata=BIGRAM -pbss=RAM \
  -pidata=CODE,irdata=CODE,ibigdata=CODE,ifardata=CODE -prparam=COMRAM \
  C:\Users\cdcch\AppData\Local\Temp\xcAs1hc.o \
  dist/default/production\lab-5-new.X.production.o 

Object code version is 3.11

Machine type is 18F67K40



                Name                               Link     Load   Length Selector   Space Scale
C:\Users\cdcch\AppData\Local\Temp\xcAs1hc.o
                idloc                            200000   200000       10        0       5
                config                           300000   300000        C        0       4
                init                                  0        0        4        0       0
dist/default/production\lab-5-new.X.production.o
                idloc                            200000   200000       10        0       5
                config                           300000   300000        C        0       4
                smallconst                          E00      E00        A      700       0
                text27                             1FAC     1FAC       30      705       0
                text26                             2020     2020       1A      705       0
                text25                             2064     2064        E      705       0
                text24                             1CAE     1CAE       68      705       0
                text23                             1F12     1F12       36      705       0
                text22                             1BA2     1BA2       98      705       0
                text21                             1F48     1F48       34      705       0
                text20                             1C3A     1C3A       74      705       0
                text19                             2002     2002       1E      705       0
                text18                             203A     203A       18      705       0
                text17                             1F7C     1F7C       30      705       0
                text16                             1FDC     1FDC       26      705       0
                text15                             1EA4     1EA4       38      705       0
                text14                             1DCE     1DCE       52      705       0
                text13                             1482     1482      1A4      705       0
                text12                             1626     1626      188      705       0
                text11                             17AE     17AE      164      705       0
                text10                             1E64     1E64       40      705       0
                text9                              2072     2072        2      705       0
                text8                              1A12     1A12       CA      705       0
                text7                              1E20     1E20       44      705       0
                text6                              1EDC     1EDC       36      705       0
                text5                              1ADC     1ADC       C6      705       0
                text4                              11A0     11A0      2E2      705       0
                text3                               E0A      E0A      396      705       0
                text2                              1D16     1D16       66      705       0
                text1                              1D7C     1D7C       52      705       0
                text0                              1912     1912      100      705       0
                cstackCOMRAM                          1        1       5F        1       1
                cstackBANK0                          E6       E6       1A       60       1
                bssBANK0                             60       60       86       60       1
                cinit                              2052     2052       12      705       0

TOTAL           Name                               Link     Load   Length     Space
        CLASS   STACK          

        CLASS   CODE           
                init                                  0        0        4         0
                text27                             1FAC     1FAC       30         0
                text26                             2020     2020       1A         0
                text25                             2064     2064        E         0
                text24                             1CAE     1CAE       68         0
                text23                             1F12     1F12       36         0
                text22                             1BA2     1BA2       98         0
                text21                             1F48     1F48       34         0
                text20                             1C3A     1C3A       74         0
                text19                             2002     2002       1E         0
                text18                             203A     203A       18         0
                text17                             1F7C     1F7C       30         0
                text16                             1FDC     1FDC       26         0
                text15                             1EA4     1EA4       38         0
                text14                             1DCE     1DCE       52         0
                text13                             1482     1482      1A4         0
                text12                             1626     1626      188         0
                text11                             17AE     17AE      164         0
                text10                             1E64     1E64       40         0
                text9                              2072     2072        2         0
                text8                              1A12     1A12       CA         0
                text7                              1E20     1E20       44         0
                text6                              1EDC     1EDC       36         0
                text5                              1ADC     1ADC       C6         0
                text4                              11A0     11A0      2E2         0
                text3                               E0A      E0A      396         0
                text2                              1D16     1D16       66         0
                text1                              1D7C     1D7C       52         0
                text0                              1912     1912      100         0
                cinit                              2052     2052       12         0

        CLASS   CONST          

        CLASS   SMALLCONST     
                smallconst                          E00      E00        A         0

        CLASS   MEDIUMCONST    

        CLASS   COMRAM         
                cstackCOMRAM                          1        1       5F         1

        CLASS   ABS1           

        CLASS   BIGRAM         

        CLASS   RAM            

        CLASS   BANK0          
                cstackBANK0                          E6       E6       1A         1
                bssBANK0                             60       60       86         1

        CLASS   BANK1          

        CLASS   BANK2          

        CLASS   BANK3          

        CLASS   BANK4          

        CLASS   BANK5          

        CLASS   BANK6          

        CLASS   BANK7          

        CLASS   BANK8          

        CLASS   BANK9          

        CLASS   BANK10         

        CLASS   BANK11         

        CLASS   BANK12         

        CLASS   BANK13         

        CLASS   SFR            

        CLASS   CONFIG         
                config                           300000   300000        C         4

        CLASS   IDLOC          
                idloc                            200000   200000       10         5

        CLASS   EEDATA         

        CLASS   FARRAM         



SEGMENTS        Name                           Load    Length   Top    Selector   Space  Class

                reset_vec                      000000  000004  000004         0       0  CODE    
                cstackCOMRAM                   000001  00005F  000060         1       1  COMRAM  
                bssBANK0                       000060  0000A0  000100        60       1  BANK0   
                smallconst                     000E00  00000A  000E0A       700       0  SMALLCON
                text3                          000E0A  00126A  002074       705       0  CODE    


UNUSED ADDRESS RANGES

        Name                Unused          Largest block    Delta
        BANK1            000100-0001FF              100
        BANK10           000A00-000AFF              100
        BANK11           000B00-000BFF              100
        BANK12           000C00-000CFF              100
        BANK13           000D00-000DE9               EA
        BANK2            000200-0002FF              100
        BANK3            000300-0003FF              100
        BANK4            000400-0004FF              100
        BANK5            000500-0005FF              100
        BANK6            000600-0006FF              100
        BANK7            000700-0007FF              100
        BANK8            000800-0008FF              100
        BANK9            000900-0009FF              100
        BIGRAM           000100-000DE9              CEA
        CODE             000004-000DFF              DFC
                         002074-01FFFF            1DF8C
        CONST            000004-000DFF              DFC
                         002074-01FFFF            1DF8C
        EEDATA           310000-3103FF              400
        MEDIUMCONST      002074-00FFFF             DF8C
                         010E00-01FFFF             F200
        RAM              000100-000DE9              100
        SFR              000DEF-000FFF              100
        SMALLCONST       002074-01FFFF              100
        STACK            000100-000DE9              CEA

                                  Symbol Table

?_ADC_getval                cstackCOMRAM 000001
?___aodiv                   cstackCOMRAM 000001
?___aomod                   cstackCOMRAM 000001
?___lwdiv                   cstackCOMRAM 00000B
?___wmul                    cstackCOMRAM 000005
?_abs                       cstackCOMRAM 000013
?_atoi                      cstackCOMRAM 00000B
?_dtoa                      cstackCOMRAM 00001C
?_isdigit                   cstackCOMRAM 000001
?_isspace                   cstackCOMRAM 000001
?_pad                       cstackCOMRAM 000011
?_sprintf                   cstackBANK0  0000E6
?_strlen                    cstackCOMRAM 000001
?_vfpfcnvrt                 cstackCOMRAM 000040
?_vfprintf                  cstackCOMRAM 000056
ADC_getval@tmpval           cstackCOMRAM 000003
LCD_sendbyte@Byte           cstackCOMRAM 000004
LCD_sendbyte@highbits       cstackCOMRAM 000003
LCD_sendbyte@type           cstackCOMRAM 000002
LCD_sendnibble@number       cstackCOMRAM 000001
LCD_sendstring@string       cstackCOMRAM 000005
_ADCON0bits                 (abs)        000F60
_ADC_getval                 text27       001FAC
_ADC_init                   text26       002020
_ADPCH                      (abs)        000F5F
_ADREFbits                  (abs)        000F58
_ADRESH                     (abs)        000F64
_ANSELAbits                 (abs)        000E92
_BAUD4CONbits               (abs)        000EE9
_EUSART4RXbuf               bssBANK0     00009C
_EUSART4TXbuf               bssBANK0     000060
_LATBbits                   (abs)        000F7A
_LATCbits                   (abs)        000F7B
_LATEbits                   (abs)        000F7D
_LCD_E_TOG                  text25       002064
_LCD_Init                   text22       001BA2
_LCD_sendbyte               text23       001F12
_LCD_sendnibble             text24       001CAE
_LCD_sendstring             text21       001F48
_PIE4bits                   (abs)        000E2D
_PIR4bits                   (abs)        000E37
_RC0PPS                     (abs)        000E62
_RC4REG                     (abs)        000EE3
_RC4STAbits                 (abs)        000EE7
_RX4PPS                     (abs)        000E15
_RxBufReadCnt               bssBANK0     0000C4
_RxBufWriteCnt              bssBANK0     0000C5
_SP4BRGH                    (abs)        000EE6
_SP4BRGL                    (abs)        000EE5
_TRISAbits                  (abs)        000F81
_TRISBbits                  (abs)        000F82
_TRISCbits                  (abs)        000F83
_TRISEbits                  (abs)        000F85
_TX4REG                     (abs)        000EE4
_TX4STAbits                 (abs)        000EE8
_TxBufReadCnt               bssBANK0     0000C2
_TxBufWriteCnt              bssBANK0     0000C3
__HRAM                      (abs)        000000
__Habs1                     abs1         000000
__Hbank0                    bank0        000000
__Hbank1                    bank1        000000
__Hbank10                   bank10       000000
__Hbank11                   bank11       000000
__Hbank12                   bank12       000000
__Hbank13                   bank13       000000
__Hbank2                    bank2        000000
__Hbank3                    bank3        000000
__Hbank4                    bank4        000000
__Hbank5                    bank5        000000
__Hbank6                    bank6        000000
__Hbank7                    bank7        000000
__Hbank8                    bank8        000000
__Hbank9                    bank9        000000
__Hbigbss                   bigbss       000000
__Hbigdata                  bigdata      000000
__Hbigram                   bigram       000000
__Hbss                      bss          000000
__HbssBANK0                 bssBANK0     000000
__Hcinit                    cinit        000000
__Hclrtext                  clrtext      000000
__Hcomram                   comram       000000
__Hconfig                   config       30000C
__Hconst                    const        000000
__HcstackBANK0              cstackBANK0  000000
__HcstackCOMRAM             cstackCOMRAM 000000
__Hdata                     data         000000
__Heeprom_data              eeprom_data  000000
__Hfarbss                   farbss       000000
__Hfardata                  fardata      000000
__Hibigdata                 ibigdata     000000
__Hidata                    idata        000000
__Hidloc                    idloc        200010
__Hifardata                 ifardata     000000
__Hinit                     init         000004
__Hintcode                  intcode      000000
__Hintcode_body             intcode_body 000000
__Hintcodelo                intcodelo    000000
__Hintentry                 intentry     000000
__Hintret                   intret       000000
__Hintsave_regs             intsave_regs 000000
__Hirdata                   irdata       000000
__Hmediumconst              mediumconst  000000
__HnvFARRAM                 nvFARRAM     000000
__Hnvbit                    nvbit        000000
__Hnvrram                   nvrram       000000
__Hparam                    rparam       000000
__Hpowerup                  powerup      000000
__Hram                      ram          000000
__Hramtop                   ramtop       000E00
__Hrbit                     rbit         000000
__Hrbss                     rbss         000000
__Hrdata                    rdata        000000
__Hreset_vec                reset_vec    000000
__Hrparam                   rparam       000000
__Hsfr                      sfr          000000
__Hsmallconst               smallconst   000E0A
__Hspace_0                  (abs)        002074
__Hspace_1                  (abs)        000100
__Hspace_2                  (abs)        000000
__Hspace_4                  (abs)        60000C
__Hstack                    stack        000000
__Hstruct                   struct       000000
__Htemp                     temp         000000
__Htext                     text         000000
__Htext0                    text0        000000
__Htext1                    text1        000000
__Htext10                   text10       000000
__Htext11                   text11       000000
__Htext12                   text12       000000
__Htext13                   text13       000000
__Htext14                   text14       000000
__Htext15                   text15       000000
__Htext16                   text16       000000
__Htext17                   text17       000000
__Htext18                   text18       000000
__Htext19                   text19       000000
__Htext2                    text2        000000
__Htext20                   text20       000000
__Htext21                   text21       000000
__Htext22                   text22       000000
__Htext23                   text23       000000
__Htext24                   text24       000000
__Htext25                   text25       000000
__Htext26                   text26       000000
__Htext27                   text27       000000
__Htext3                    text3        000000
__Htext4                    text4        000000
__Htext5                    text5        000000
__Htext6                    text6        000000
__Htext7                    text7        000000
__Htext8                    text8        000000
__Htext9                    text9        000000
__LRAM                      (abs)        000001
__Labs1                     abs1         000000
__Lbank0                    bank0        000000
__Lbank1                    bank1        000000
__Lbank10                   bank10       000000
__Lbank11                   bank11       000000
__Lbank12                   bank12       000000
__Lbank13                   bank13       000000
__Lbank2                    bank2        000000
__Lbank3                    bank3        000000
__Lbank4                    bank4        000000
__Lbank5                    bank5        000000
__Lbank6                    bank6        000000
__Lbank7                    bank7        000000
__Lbank8                    bank8        000000
__Lbank9                    bank9        000000
__Lbigbss                   bigbss       000000
__Lbigdata                  bigdata      000000
__Lbigram                   bigram       000000
__Lbss                      bss          000000
__LbssBANK0                 bssBANK0     000000
__Lcinit                    cinit        000000
__Lclrtext                  clrtext      000000
__Lcomram                   comram       000000
__Lconfig                   config       000000
__Lconst                    const        000000
__LcstackBANK0              cstackBANK0  000000
__LcstackCOMRAM             cstackCOMRAM 000000
__Ldata                     data         000000
__Leeprom_data              eeprom_data  000000
__Lfarbss                   farbss       000000
__Lfardata                  fardata      000000
__Libigdata                 ibigdata     000000
__Lidata                    idata        000000
__Lidloc                    idloc        000000
__Lifardata                 ifardata     000000
__Linit                     init         000000
__Lintcode                  intcode      000000
__Lintcode_body             intcode_body 000000
__Lintcodelo                intcodelo    000000
__Lintentry                 intentry     000000
__Lintret                   intret       000000
__Lintsave_regs             intsave_regs 000000
__Lirdata                   irdata       000000
__Lmediumconst              mediumconst  000000
__LnvFARRAM                 nvFARRAM     000000
__Lnvbit                    nvbit        000000
__Lnvrram                   nvrram       000000
__Lparam                    rparam       000000
__Lpowerup                  powerup      000000
__Lram                      ram          000000
__Lramtop                   ramtop       000E00
__Lrbit                     rbit         000000
__Lrbss                     rbss         000000
__Lrdata                    rdata        000000
__Lreset_vec                reset_vec    000000
__Lrparam                   rparam       000000
__Lsfr                      sfr          000000
__Lsmallconst               smallconst   000E00
__Lspace_0                  (abs)        000000
__Lspace_1                  (abs)        000000
__Lspace_2                  (abs)        000000
__Lspace_4                  (abs)        000000
__Lstack                    stack        000000
__Lstruct                   struct       000000
__Ltemp                     temp         000000
__Ltext                     text         000000
__Ltext0                    text0        000000
__Ltext1                    text1        000000
__Ltext10                   text10       000000
__Ltext11                   text11       000000
__Ltext12                   text12       000000
__Ltext13                   text13       000000
__Ltext14                   text14       000000
__Ltext15                   text15       000000
__Ltext16                   text16       000000
__Ltext17                   text17       000000
__Ltext18                   text18       000000
__Ltext19                   text19       000000
__Ltext2                    text2        000000
__Ltext20                   text20       000000
__Ltext21                   text21       000000
__Ltext22                   text22       000000
__Ltext23                   text23       000000
__Ltext24                   text24       000000
__Ltext25                   text25       000000
__Ltext26                   text26       000000
__Ltext27                   text27       000000
__Ltext3                    text3        000000
__Ltext4                    text4        000000
__Ltext5                    text5        000000
__Ltext6                    text6        000000
__Ltext7                    text7        000000
__Ltext8                    text8        000000
__Ltext9                    text9        000000
__S0                        (abs)        002074
__S1                        (abs)        000100
__S2                        (abs)        000000
__S4                        (abs)        000000
__S5                        (abs)        000000
___aodiv                    text12       001626
___aodiv@counter            cstackCOMRAM 000011
___aodiv@dividend           cstackCOMRAM 000001
___aodiv@divisor            cstackCOMRAM 000009
___aodiv@quotient           cstackCOMRAM 000013
___aodiv@sign               cstackCOMRAM 000012
___aomod                    text11       0017AE
___aomod@counter            cstackCOMRAM 000011
___aomod@dividend           cstackCOMRAM 000001
___aomod@divisor            cstackCOMRAM 000009
___aomod@sign               cstackCOMRAM 000012
___inthi_sp                 stack        000000
___intlo_sp                 stack        000000
___lwdiv                    text20       001C3A
___lwdiv@counter            cstackCOMRAM 000011
___lwdiv@dividend           cstackCOMRAM 00000B
___lwdiv@divisor            cstackCOMRAM 00000D
___lwdiv@quotient           cstackCOMRAM 00000F
___param_bank               (abs)        000000
___rparam_used              (abs)        000001
___sp                       stack        000000
___wmul                     text16       001FDC
___wmul@multiplicand        cstackCOMRAM 000007
___wmul@multiplier          cstackCOMRAM 000005
___wmul@product             cstackCOMRAM 000009
__accesstop                 (abs)        000060
__activetblptr              (abs)        000003
__end_of_ADC_getval         text27       001FDC
__end_of_ADC_init           text26       00203A
__end_of_LCD_E_TOG          text25       002072
__end_of_LCD_Init           text22       001C3A
__end_of_LCD_sendbyte       text23       001F48
__end_of_LCD_sendnibble     text24       001D16
__end_of_LCD_sendstring     text21       001F7C
__end_of___aodiv            text12       0017AE
__end_of___aomod            text11       001912
__end_of___lwdiv            text20       001CAE
__end_of___wmul             text16       002002
__end_of__initialization    cinit        00205E
__end_of_abs                text10       001EA4
__end_of_atoi               text13       001626
__end_of_dtoa               text4        001482
__end_of_fputc              text8        001ADC
__end_of_fputs              text7        001E64
__end_of_initUSART4         text19       002020
__end_of_isdigit            text15       001EDC
__end_of_isspace            text14       001E20
__end_of_main               text0        001A12
__end_of_pad                text5        001BA2
__end_of_putch              text9        002074
__end_of_sendCharSerial4    text18       002052
__end_of_sendStringSerial4  text17       001FAC
__end_of_sprintf            text1        001DCE
__end_of_strlen             text6        001F12
__end_of_vfpfcnvrt          text3        0011A0
__end_of_vfprintf           text2        001D7C
__initialization            cinit        002052
__mediumconst               mediumconst  000000
__pbssBANK0                 bssBANK0     000060
__pcinit                    cinit        002052
__pcstackBANK0              cstackBANK0  0000E6
__pcstackCOMRAM             cstackCOMRAM 000001
__psmallconst               smallconst   000E00
__ptext0                    text0        001912
__ptext1                    text1        001D7C
__ptext10                   text10       001E64
__ptext11                   text11       0017AE
__ptext12                   text12       001626
__ptext13                   text13       001482
__ptext14                   text14       001DCE
__ptext15                   text15       001EA4
__ptext16                   text16       001FDC
__ptext17                   text17       001F7C
__ptext18                   text18       00203A
__ptext19                   text19       002002
__ptext2                    text2        001D16
__ptext20                   text20       001C3A
__ptext21                   text21       001F48
__ptext22                   text22       001BA2
__ptext23                   text23       001F12
__ptext24                   text24       001CAE
__ptext25                   text25       002064
__ptext26                   text26       002020
__ptext27                   text27       001FAC
__ptext3                    text3        000E0A
__ptext4                    text4        0011A0
__ptext5                    text5        001ADC
__ptext6                    text6        001EDC
__ptext7                    text7        001E20
__ptext8                    text8        001A12
__ptext9                    text9        002072
__ramtop                    ramtop       000E00
__size_of_ADC_getval        (abs)        000000
__size_of_ADC_init          (abs)        000000
__size_of_LCD_E_TOG         (abs)        000000
__size_of_LCD_Init          (abs)        000000
__size_of_LCD_sendbyte      (abs)        000000
__size_of_LCD_sendnibble    (abs)        000000
__size_of_LCD_sendstring    (abs)        000000
__size_of___aodiv           (abs)        000000
__size_of___aomod           (abs)        000000
__size_of___lwdiv           (abs)        000000
__size_of___wmul            (abs)        000000
__size_of_abs               (abs)        000000
__size_of_atoi              (abs)        000000
__size_of_dtoa              (abs)        000000
__size_of_fputc             (abs)        000000
__size_of_fputs             (abs)        000000
__size_of_initUSART4        (abs)        000000
__size_of_isdigit           (abs)        000000
__size_of_isspace           (abs)        000000
__size_of_main              (abs)        000000
__size_of_pad               (abs)        000000
__size_of_putch             (abs)        000000
__size_of_sendCharSerial4   (abs)        000000
__size_of_sendStringSerial4 (abs)        000000
__size_of_sprintf           (abs)        000000
__size_of_strlen            (abs)        000000
__size_of_vfpfcnvrt         (abs)        000000
__size_of_vfprintf          (abs)        000000
__smallconst                smallconst   000E00
_abs                        text10       001E64
_atoi                       text13       001482
_atoi$1195                  cstackCOMRAM 000013
_atoi$1196                  cstackCOMRAM 000017
_atoi$1197                  cstackCOMRAM 000015
_data                       bssBANK0     0000B8
_dbuf                       bssBANK0     0000C6
_dtoa                       text4        0011A0
_dtoa$1160                  cstackCOMRAM 00002E
_flags                      bssBANK0     0000B6
_fputc                      text8        001A12
_fputs                      text7        001E20
_frac_part                  bssBANK0     0000BA
_highbits                   bssBANK0     0000C0
_initUSART4                 text19       002002
_int_part                   bssBANK0     0000BC
_isdigit                    text15       001EA4
_isspace                    text14       001DCE
_isspace$1213               cstackCOMRAM 000007
_lowbits                    bssBANK0     0000BE
_main                       text0        001912
_nout                       bssBANK0     0000B0
_pad                        text5        001ADC
_prec                       bssBANK0     0000B4
_putch                      text9        002072
_sendCharSerial4            text18       00203A
_sendStringSerial4          text17       001F7C
_sprintf                    text1        001D7C
_strlen                     text6        001EDC
_vfpfcnvrt                  text3        000E0A
_vfpfcnvrt$1175             cstackCOMRAM 000054
_vfprintf                   text2        001D16
_width                      bssBANK0     0000B2
abs@a                       cstackCOMRAM 000013
atoi@n                      cstackCOMRAM 000018
atoi@neg                    cstackCOMRAM 000011
atoi@s                      cstackCOMRAM 00000B
dtoa@d                      cstackCOMRAM 00001E
dtoa@fp                     cstackCOMRAM 00001C
dtoa@i                      cstackCOMRAM 00003E
dtoa@n                      cstackCOMRAM 000036
dtoa@p                      cstackCOMRAM 000030
dtoa@s                      cstackCOMRAM 000034
dtoa@w                      cstackCOMRAM 000032
end_of_initialization       cinit        00205E
fputc@c                     cstackCOMRAM 000001
fputc@fp                    cstackCOMRAM 000003
fputs@c                     cstackCOMRAM 00000E
fputs@fp                    cstackCOMRAM 00000C
fputs@i                     cstackCOMRAM 00000F
fputs@s                     cstackCOMRAM 00000A
intlevel0                   text         000000
intlevel1                   text         000000
intlevel2                   text         000000
intlevel3                   text         000000
isa$std                     (abs)        000001
isa$xinst                   (abs)        000000
isdigit@c                   cstackCOMRAM 000001
isspace@c                   cstackCOMRAM 000001
main@buf                    cstackBANK0  0000F6
pad@buf                     cstackCOMRAM 000013
pad@fp                      cstackCOMRAM 000011
pad@i                       cstackCOMRAM 000018
pad@p                       cstackCOMRAM 000015
pad@w                       cstackCOMRAM 00001A
sendCharSerial4@charToSend  cstackCOMRAM 000001
sendStringSerial4@string    cstackCOMRAM 000002
sprintf@ap                  cstackBANK0  0000EE
sprintf@f                   cstackBANK0  0000F0
sprintf@fmt                 cstackBANK0  0000E8
sprintf@s                   cstackBANK0  0000E6
stackhi                     (abs)        000DE9
stacklo                     (abs)        000100
start                       init         000000
start_initialization        cinit        002052
strlen@a                    cstackCOMRAM 000003
strlen@s                    cstackCOMRAM 000001
vfpfcnvrt@ap                cstackCOMRAM 000044
vfpfcnvrt@done              cstackCOMRAM 000052
vfpfcnvrt@fmt               cstackCOMRAM 000042
vfpfcnvrt@fp                cstackCOMRAM 000040
vfpfcnvrt@ll                cstackCOMRAM 00004A
vfprintf@ap                 cstackCOMRAM 00005A
vfprintf@cfmt               cstackCOMRAM 00005C
vfprintf@fmt                cstackCOMRAM 000058
vfprintf@fp                 cstackCOMRAM 000056


MODULE INFORMATION

Module		Function		Class		Link	Load	Size
C:\Program Files\Microchip\xc8\v2.32\pic\sources\c99\common\nf_sprintf.c
		_sprintf       		CODE           	1D7C	0000	82

C:\Program Files\Microchip\xc8\v2.32\pic\sources\c99\common\nf_sprintf.c estimated size: 82

C:\Program Files\Microchip\xc8\v2.32\pic\sources\c99\common\isdigit.c
		_isdigit       		CODE           	1EA4	0000	56

C:\Program Files\Microchip\xc8\v2.32\pic\sources\c99\common\isdigit.c estimated size: 56

serial.c
		_sendStringSerial4		CODE           	1F7C	0000	48
		_sendCharSerial4		CODE           	203A	0000	24
		_initUSART4    		CODE           	2002	0000	30

serial.c estimated size: 102

C:\Program Files\Microchip\xc8\v2.32\pic\sources\c99\common\doprnt.c
		_vfpfcnvrt     		CODE           	0E0A	0000	918
		_pad           		CODE           	1ADC	0000	198
		_dtoa          		CODE           	11A0	0000	738
		_vfprintf      		CODE           	1D16	0000	102

C:\Program Files\Microchip\xc8\v2.32\pic\sources\c99\common\doprnt.c estimated size: 1956

C:\Program Files\Microchip\xc8\v2.32\pic\sources\c99\common\atoi.c
		_atoi          		CODE           	1482	0000	420

C:\Program Files\Microchip\xc8\v2.32\pic\sources\c99\common\atoi.c estimated size: 420

C:\Program Files\Microchip\xc8\v2.32\pic\sources\c99\common\nf_fputs.c
		_fputs         		CODE           	1E20	0000	68

C:\Program Files\Microchip\xc8\v2.32\pic\sources\c99\common\nf_fputs.c estimated size: 68

C:\Program Files\Microchip\xc8\v2.32\pic\sources\c99\common\putch.c
		_putch         		CODE           	2072	0000	2

C:\Program Files\Microchip\xc8\v2.32\pic\sources\c99\common\putch.c estimated size: 2

C:\Program Files\Microchip\xc8\v2.32\pic\sources\c99\common\Umul16.c
		___wmul        		CODE           	1FDC	0000	38

C:\Program Files\Microchip\xc8\v2.32\pic\sources\c99\common\Umul16.c estimated size: 38

C:\Program Files\Microchip\xc8\v2.32\pic\sources\c99\common\abs.c
		_abs           		CODE           	1E64	0000	64

C:\Program Files\Microchip\xc8\v2.32\pic\sources\c99\common\abs.c estimated size: 64

C:\Program Files\Microchip\xc8\v2.32\pic\sources\c99\common\aomod.c
		___aomod       		CODE           	17AE	0000	356

C:\Program Files\Microchip\xc8\v2.32\pic\sources\c99\common\aomod.c estimated size: 356

C:\Program Files\Microchip\xc8\v2.32\pic\sources\c99\common\isspace.c
		_isspace       		CODE           	1DCE	0000	82

C:\Program Files\Microchip\xc8\v2.32\pic\sources\c99\common\isspace.c estimated size: 82

shared
		__initialization		CODE           	2052	0000	12

shared estimated size: 12

ADC.c
		_ADC_init      		CODE           	2020	0000	26
		_ADC_getval    		CODE           	1FAC	0000	48

ADC.c estimated size: 74

C:\Program Files\Microchip\xc8\v2.32\pic\sources\c99\common\lwdiv.c
		___lwdiv       		CODE           	1C3A	0000	116

C:\Program Files\Microchip\xc8\v2.32\pic\sources\c99\common\lwdiv.c estimated size: 116

C:\Program Files\Microchip\xc8\v2.32\pic\sources\c99\common\nf_fputc.c
		_fputc         		CODE           	1A12	0000	202

C:\Program Files\Microchip\xc8\v2.32\pic\sources\c99\common\nf_fputc.c estimated size: 202

C:\Program Files\Microchip\xc8\v2.32\pic\sources\c99\common\aodiv.c
		___aodiv       		CODE           	1626	0000	392

C:\Program Files\Microchip\xc8\v2.32\pic\sources\c99\common\aodiv.c estimated size: 392

main.c
		_main          		CODE           	1912	0000	256

main.c estimated size: 256

C:\Program Files\Microchip\xc8\v2.32\pic\sources\c99\common\strlen.c
		_strlen        		CODE           	1EDC	0000	54

C:\Program Files\Microchip\xc8\v2.32\pic\sources\c99\common\strlen.c estimated size: 54

LCD.c
		_LCD_Init      		CODE           	1BA2	0000	152
		_LCD_sendbyte  		CODE           	1F12	0000	54
		_LCD_E_TOG     		CODE           	2064	0000	14
		_LCD_sendnibble		CODE           	1CAE	0000	104
		_LCD_sendstring		CODE           	1F48	0000	52

LCD.c estimated size: 376

